[36mvite v7.3.1 [32mbuilding client environment for production...[36m[39m
transforming...
[32mΓ£ô[39m 16 modules transformed.
Γ£ù Build failed in 258ms
error during build:
[vite:esbuild] The service was stopped: write ENOMEM
file: D:/HocTap2HDH/SEP/Project/perfume-gpt-frontend/src/contexts/ThemeContext.tsx
    at D:\HocTap2HDH\SEP\Project\perfume-gpt-frontend\node_modules\esbuild\lib\main.js:718:38
    at responseCallbacks.<computed> (D:\HocTap2HDH\SEP\Project\perfume-gpt-frontend\node_modules\esbuild\lib\main.js:603:9)
    at afterClose (D:\HocTap2HDH\SEP\Project\perfume-gpt-frontend\node_modules\esbuild\lib\main.js:594:28)
    at Object.callback (D:\HocTap2HDH\SEP\Project\perfume-gpt-frontend\node_modules\esbuild\lib\main.js:1986:18)
    at callback (node:internal/streams/writable:766:21)
    at onwriteError (node:internal/streams/writable:605:3)
    at process.processTicksAndRejections (node:internal/process/task_queues:92:21)
